st7735.c:86:13:ST7735_Select	8	static
st7735.c:91:6:ST7735_Unselect	8	static
st7735.c:96:13:ST7735_Reset	8	static
st7735.c:103:13:ST7735_WriteCommand	16	static
st7735.c:108:13:ST7735_WriteData	16	static
st7735.c:118:13:ST7735_ExecuteCommandList	24	static
st7735.c:144:13:ST7735_SetAddressWindow	32	static
st7735.c:160:6:ST7735_Init	8	static
st7735.c:169:6:ST7735_DrawPixel	24	static
st7735.c:182:13:ST7735_WriteChar	48	static
st7735.c:218:6:ST7735_WriteString	32	static
st7735.c:246:6:ST7735_FillRectangle	32	static
st7735.c:266:6:ST7735_FillScreen	24	static
st7735.c:270:6:ST7735_DrawImage	24	static
st7735.c:281:6:ST7735_InvertColors	16	static
