core_cm4.h:1679:22:__NVIC_EnableIRQ	16	static,ignoring_inline_asm
core_cm4.h:1717:22:__NVIC_DisableIRQ	16	static,ignoring_inline_asm
main.c:118:5:main	32	static
main.c:281:6:SystemClock_Config	200	static
main.c:340:13:MX_CAN1_Init	8	static
main.c:377:13:MX_I2C2_Init	8	static
main.c:423:13:MX_SPI1_Init	8	static
main.c:463:13:MX_SPI3_Init	8	static
main.c:503:13:MX_TIM6_Init	24	static
main.c:541:13:MX_TIM15_Init	40	static
main.c:587:13:MX_TIM16_Init	80	static
main.c:648:13:MX_USART1_UART_Init	8	static
main.c:683:13:MX_USART3_UART_Init	8	static
main.c:718:13:MX_GPIO_Init	40	static
main.c:778:6:Error_Handler	4	static
