core_cm4.h:1679:22:__NVIC_EnableIRQ	16	static,ignoring_inline_asm
core_cm4.h:1717:22:__NVIC_DisableIRQ	16	static,ignoring_inline_asm
core_cm4.h:1933:34:__NVIC_SystemReset	4	static,ignoring_inline_asm
stm32l4xx_it.c:104:6:NMI_Handler	4	static
stm32l4xx_it.c:117:6:HardFault_Handler	4	static
stm32l4xx_it.c:132:6:MemManage_Handler	4	static
stm32l4xx_it.c:147:6:BusFault_Handler	4	static
stm32l4xx_it.c:162:6:UsageFault_Handler	4	static
stm32l4xx_it.c:177:6:SVC_Handler	4	static
stm32l4xx_it.c:190:6:DebugMon_Handler	4	static
stm32l4xx_it.c:203:6:PendSV_Handler	4	static
stm32l4xx_it.c:216:6:SysTick_Handler	8	static
stm32l4xx_it.c:237:6:EXTI9_5_IRQHandler	8	static
stm32l4xx_it.c:251:6:TIM1_BRK_TIM15_IRQHandler	8	static
stm32l4xx_it.c:265:6:SPI1_IRQHandler	8	static
stm32l4xx_it.c:279:6:USART3_IRQHandler	8	static
stm32l4xx_it.c:293:6:SPI3_IRQHandler	8	static
stm32l4xx_it.c:307:6:TIM6_DAC_IRQHandler	8	static
stm32l4xx_it.c:319:6:HAL_SPI_TxRxCpltCallback	16	static
stm32l4xx_it.c:324:6:HAL_GPIO_EXTI_Callback	96	static
stm32l4xx_it.c:338:6:HAL_TIM_PeriodElapsedCallback	40	static
stm32l4xx_it.c:463:6:HAL_TIM_OC_DelayElapsedCallback	16	static
stm32l4xx_it.c:471:6:HAL_UART_RxCpltCallback	16	static
stm32l4xx_it.c:480:6:HAL_UART_TxCpltCallback	16	static
stm32l4xx_it.c:491:6:HAL_SPI_ErrorCallback	16	static
